GCF_000287295.1	method=CheckM,method_version=v1.1.6,score=0.90,score_interpretation=fraction_complete,timestamp=2022-04-08_00:00:00;method=CheckM,method_version=v1.1.6,score=0.04,score_interpretation=fraction_contamination,timestamp=2022-04-08_00:00:00
GCF_000306885.1	method=CheckM,method_version=v1.1.6,score=0.91,score_interpretation=fraction_complete,timestamp=2022-04-08_00:00:00;method=CheckM,method_version=v1.1.6,score=0.03,score_interpretation=fraction_contamination,timestamp=2022-04-08_00:00:00
GCF_001439985.1	method=CheckM,method_version=v1.1.6,score=0.92,score_interpretation=fraction_complete,timestamp=2022-04-08_00:00:00;method=CheckM,method_version=v1.1.6,score=0.02,score_interpretation=fraction_contamination,timestamp=2022-04-08_00:00:00
GCF_000022285.1	method=CheckM,method_version=v1.1.6,score=0.93,score_interpretation=fraction_complete,timestamp=2022-04-08_00:00:00;method=CheckM,method_version=v1.1.6,score=0.01,score_interpretation=fraction_contamination,timestamp=2022-04-08_00:00:00
